netadmin@netadmin:~$ sudo -i
[sudo] password for netadmin:
root@netadmin:~# touch /etc/prueba.txt
root@netadmin:~# ls /etc/pru*
/etc/pruba1.txt  /etc/prueba.txt
root@netadmin:~# ls -l /usr/bin/whatis
-rw-r--r-- 1 root root 0 Nov 22 17:26 /usr/bin/whatis
root@netadmin:~# whoami
root
root@netadmin:~# exit
logout
netadmin@netadmin:~$ groups
netadmin adm cdrom sudo dip plugdev lxd
netadmin@netadmin:~$ sudo groupadd oficina_malaga
netadmin@netadmin:~$ sudo groupadd oficina_jaen
netadmin@netadmin:~$ sudo groupadd oficina_madrit
netadmin@netadmin:~$ sudo groupmod -n oficina_madrid oficina_madrit
netadmin@netadmin:~$ sudo bash
root@netadmin:/home/netadmin# adduser pedro --ingroup oficina_malaga
Adding user `pedro' ...
Adding new user `pedro' (1004) with group `oficina_malaga' ...
Creating home directory `/home/pedro' ...
Copying files from `/etc/skel' ...
New password:
Retype new password:
Sorry, passwords do not match.
passwd: Authentication token manipulation error
passwd: password unchanged
Try again? [y/N] y
New password:
Retype new password:
passwd: password updated successfully
Changing the user information for pedro
Enter the new value, or press ENTER for the default
        Full Name []: 1
        Room Number []: 1
        Work Phone []: 1
        Home Phone []: 1
        Other []: 1
Is the information correct? [Y/n] y
root@netadmin:/home/netadmin# adduser ana --ingroup oficina_malaga
Adding user `ana' ...
Adding new user `ana' (1005) with group `oficina_malaga' ...
Creating home directory `/home/ana' ...
Copying files from `/etc/skel' ...
New password:
Retype new password:
passwd: password updated successfully
Changing the user information for ana
Enter the new value, or press ENTER for the default
        Full Name []: 1
        Room Number []: 1
        Work Phone []: 1
        Home Phone []: 1
        Other []: 1
Is the information correct? [Y/n] y
root@netadmin:/home/netadmin# adduser berta --ingroup oficina_madrid
Adding user `berta' ...
Adding new user `berta' (1006) with group `oficina_madrid' ...
Creating home directory `/home/berta' ...
Copying files from `/etc/skel' ...
New password:
Retype new password:
passwd: password updated successfully
Changing the user information for berta
Enter the new value, or press ENTER for the default
        Full Name []: 1
        Room Number []: 1
        Work Phone []: 1
        Home Phone []: 1
        Other []: 1
Is the information correct? [Y/n] y
root@netadmin:/home/netadmin# adduser laura --ingroup oficina_malaga
Adding user `laura' ...
Adding new user `laura' (1007) with group `oficina_malaga' ...
Creating home directory `/home/laura' ...
Copying files from `/etc/skel' ...
New password:
Retype new password:
passwd: password updated successfully
Changing the user information for laura
Enter the new value, or press ENTER for the default
        Full Name []:
        Room Number []:
        Work Phone []:
        Home Phone []:
        Other []:
Is the information correct? [Y/n] y
root@netadmin:/home/netadmin# adduser laura oficina_madrid
Adding user `laura' to group `oficina_madrid' ...
Adding user laura to group oficina_madrid
Done.
root@netadmin:/home/netadmin# groups ana berta laura
ana : oficina_malaga
berta : oficina_madrid
laura : oficina_malaga oficina_madrid
root@netadmin:/home/netadmin# exit
exit
netadmin@netadmin:~$ ls /home
ana  berta  laura  netadmin  pedro
netadmin@netadmin:~$ su pedro
Password:
pedro@netadmin:/home/netadmin$ cd
pedro@netadmin:~$ pwd
/home/pedro
pedro@netadmin:~$ touch informe.txt
pedro@netadmin:~$ ls -l
total 0
-rw-r--r-- 1 pedro oficina_malaga 0 Nov 22 19:01 informe.txt
pedro@netadmin:~$ mv informe.txt /home/laura/
mv: cannot move 'informe.txt' to '/home/laura/informe.txt': Permission denied
pedro@netadmin:~$ sudo mv informe.txt /home/laura/
[sudo] password for pedro:
pedro is not in the sudoers file.  This incident will be reported.
pedro@netadmin:~$ exit
exit
netadmin@netadmin:~$ sudo su
[sudo] password for netadmin:
root@netadmin:/home/netadmin# ls
atiaga1
root@netadmin:/home/netadmin# su pedro
pedro@netadmin:/home/netadmin$ cd
pedro@netadmin:~$ pwd
/home/pedro
pedro@netadmin:~$ exit
exit
root@netadmin:/home/netadmin# su laura
laura@netadmin:/home/netadmin$ ls
ls: cannot open directory '.': Permission denied
laura@netadmin:/home/netadmin$ exit
exit
root@netadmin:/home/netadmin# exit
exit
netadmin@netadmin:~$ sudo su
root@netadmin:/home/netadmin# cd /home/pedro/
root@netadmin:/home/pedro# ls
informe.txt
root@netadmin:/home/pedro#
root@netadmin:/home/pedro# mv informe.txt /home/laura/
root@netadmin:/home/pedro# su pedro
pedro@netadmin:~$ ls -l
total 0
pedro@netadmin:~$ touch hola_mundo.rb
pedro@netadmin:~$ ls hola_mundo.rb
hola_mundo.rb
pedro@netadmin:~$ ls -l hola_mundo.rb
-rw-r--r-- 1 pedro oficina_malaga 0 Nov 22 19:26 hola_mundo.rb
pedro@netadmin:~$ chmod +x hola_mundo.rb
pedro@netadmin:~$ ls -l
total 0
-rwxr-xr-x 1 pedro oficina_malaga 0 Nov 22 19:26 hola_mundo.rb
pedro@netadmin:~$ chmod o-x hola_mundo.rb
pedro@netadmin:~$ chmod g+x hola_mundo.rb
pedro@netadmin:~$ ls -l
total 0
-rwxr-xr-- 1 pedro oficina_malaga 0 Nov 22 19:26 hola_mundo.rb
pedro@netadmin:~$ chmod 755 hola_mundo.rb
pedro@netadmin:~$ chmod u+rwx hola_mundo.rb
pedro@netadmin:~$ chmod g+rx-w hola_mundo.rb
pedro@netadmin:~$ chmod o+rx-w hola_mundo.rb
pedro@netadmin:~$ ls -l
total 0
-rwxr-xr-x 1 pedro oficina_malaga 0 Nov 22 19:26 hola_mundo.rb
pedro@netadmin:~$
